[hop] it00 best=  13.33 mu= -18.37 apex_at=  3.0cm v_to=+0.76 x=-0.02 upright=False
[hop] it01 best=  15.01 mu= -18.07 apex_at=  5.0cm v_to=+0.98 x=-0.27 upright=False
[hop] it02 best=  14.90 mu= -14.88 apex_at=  5.7cm v_to=+1.05 x=-0.35 upright=False
[hop] it03 best=  16.55 mu= -14.06 apex_at=  3.8cm v_to=+0.87 x=-0.07 upright=False
[hop] it04 best=  43.47 mu= -15.27 apex_at=-100.0cm v_to=+0.00 x=-0.01 upright=False
[hop] it05 best=  20.46 mu= -14.63 apex_at= 11.9cm v_to=-0.03 x=-0.39 upright=False
[hop] it06 best=  18.75 mu=  12.91 apex_at= 13.2cm v_to=-0.06 x=-0.31 upright=False
[hop] it07 best=  46.79 mu= -16.80 apex_at=  6.2cm v_to=+1.10 x=-0.31 upright=False
[hop] it08 best=  20.99 mu= -16.37 apex_at=  7.7cm v_to=-0.09 x=+0.03 upright=False
[hop] it09 best=  22.73 mu= -13.60 apex_at= 13.8cm v_to=-0.06 x=-0.26 upright=True
[hop] it10 best=  17.29 mu= -15.63 apex_at=  7.1cm v_to=+1.17 x=-0.37 upright=False
[hop] it11 best=  42.14 mu= -16.66 apex_at=  6.0cm v_to=+1.08 x=-0.12 upright=False
[hop] it12 best=  46.89 mu= -18.21 apex_at=  4.5cm v_to=+0.94 x=+0.07 upright=False
[hop] it13 best=  19.77 mu=  15.23 apex_at=  6.3cm v_to=-0.06 x=+0.04 upright=False
[hop] it14 best=  46.54 mu=  12.20 apex_at=  7.7cm v_to=+1.22 x=-0.25 upright=True
[hop] it15 best=  46.28 mu= -18.54 apex_at=  6.2cm v_to=+1.10 x=-0.16 upright=True
[hop] it16 best=  47.27 mu=  14.47 apex_at=  5.1cm v_to=+0.99 x=-0.20 upright=False
[hop] it17 best=  45.95 mu=  12.94 apex_at=  4.2cm v_to=+0.91 x=+0.05 upright=False
[hop] it18 best=  45.62 mu= -17.27 apex_at=  6.6cm v_to=+1.13 x=-0.20 upright=True
[hop] it19 best=  51.58 mu=  14.11 apex_at= 12.0cm v_to=+0.04 x=-0.24 upright=True
[hop] it20 best=  52.42 mu=  14.15 apex_at= 13.3cm v_to=-0.04 x=-0.22 upright=True
[hop] it21 best=  47.29 mu=  17.31 apex_at=  3.3cm v_to=+0.80 x=-0.18 upright=False
[hop] it22 best=  46.22 mu=  45.39 apex_at= 14.5cm v_to=+0.08 x=-0.20 upright=True
[hop] it23 best=  51.33 mu=  45.70 apex_at=  4.4cm v_to=-0.05 x=+0.07 upright=False
[hop] it24 best=  46.57 mu= -15.68 apex_at=  7.9cm v_to=+1.24 x=-0.22 upright=True
[hop] it25 best=  51.55 mu=  14.44 apex_at=  0.0cm v_to=-0.01 x=+0.01 upright=False
[hop] it26 best=  43.66 mu=  14.42 apex_at=  4.8cm v_to=+0.97 x=-0.16 upright=True
[hop] it27 best=  51.88 mu=  14.70 apex_at= 11.8cm v_to=-0.03 x=-0.21 upright=True
[hop] it28 best=  19.89 mu= -16.61 apex_at=  5.0cm v_to=-0.06 x=+0.02 upright=False
[hop] it29 best=  47.47 mu= -14.79 apex_at=  7.5cm v_to=+1.20 x=-0.19 upright=True
[hop] it30 best=  49.76 mu=  15.17 apex_at= 11.7cm v_to=-0.03 x=-0.20 upright=True
[hop] it31 best=  53.01 mu=  14.46 apex_at=  4.8cm v_to=-0.04 x=+0.04 upright=False
[hop] it32 best=  45.08 mu= -15.67 apex_at=  2.8cm v_to=+0.74 x=-0.04 upright=False
[hop] it33 best=  48.83 mu=  13.31 apex_at=  3.7cm v_to=-0.02 x=+0.06 upright=False
[hop] it34 best=  46.11 mu=  11.78 apex_at=  3.0cm v_to=+0.76 x=+0.00 upright=False
[hop] it35 best=  52.60 mu=  15.06 apex_at= 13.9cm v_to=+0.00 x=-0.24 upright=True
[hop] it36 best=  55.01 mu= -14.09 apex_at=  6.4cm v_to=-0.01 x=-0.11 upright=False
[hop] it37 best=  53.19 mu=  18.92 apex_at=  5.7cm v_to=-0.08 x=+0.08 upright=False
[hop] it38 best=  51.61 mu= -15.88 apex_at=  2.4cm v_to=+0.01 x=+0.02 upright=False
[hop] it39 best=  53.75 mu=  18.87 apex_at= 12.9cm v_to=-0.04 x=-0.37 upright=False
[hop] it40 best=  53.25 mu= -11.73 apex_at= 13.1cm v_to=-0.04 x=-0.25 upright=True
[hop] it41 best=  53.17 mu=  52.97 apex_at=  1.5cm v_to=+0.03 x=+0.04 upright=False
[hop] it42 best=  53.89 mu=  15.24 apex_at= 13.9cm v_to=+0.02 x=-0.34 upright=True
[hop] it43 best=  51.28 mu=  19.45 apex_at=  0.0cm v_to=+0.01 x=+0.01 upright=False
[hop] it44 best=  52.37 mu=  19.12 apex_at= 13.3cm v_to=+0.02 x=-0.23 upright=True
[hop] it45 best=  46.30 mu=  18.54 apex_at=  3.1cm v_to=+0.78 x=+0.03 upright=False
[hop] it46 best=  53.32 mu=  52.41 apex_at= 13.5cm v_to=-0.05 x=-0.24 upright=True
[hop] it47 best=  51.60 mu=-223.98 apex_at=  2.8cm v_to=-0.00 x=+0.12 upright=False
[hop] it48 best=  51.54 mu=  16.98 apex_at=  8.3cm v_to=-0.02 x=-0.12 upright=False
[hop] it49 best=  52.18 mu=  20.41 apex_at= 12.6cm v_to=-0.01 x=-0.29 upright=True
[hop] it50 best=  51.02 mu=  51.02 apex_at= 11.8cm v_to=-0.03 x=-0.25 upright=True
[hop] it51 best=  53.34 mu=  20.09 apex_at=  5.7cm v_to=+0.02 x=+0.11 upright=False
[hop] it52 best=  51.12 mu=  51.12 apex_at=  3.4cm v_to=-0.03 x=-0.01 upright=False
[hop] it53 best=  51.84 mu=  16.22 apex_at= 12.2cm v_to=-0.04 x=-0.22 upright=True
[hop] it54 best=  51.08 mu=  49.48 apex_at= 10.9cm v_to=-0.00 x=-0.19 upright=True
saved -> /Volumes/ssd/main_link/work/note/embedded/pixar-lamp/sim/results/cem_hop.json
